Archive member included because of file (symbol)

/usr/local/CodeSourcery/Sourcery_G++_Lite/bin/../lib/gcc/arm-none-eabi/4.5.2/../../../../arm-none-eabi/lib/armv6-m/libc.a(lib_a-strchr.o)
                              obj/terminal.o (strchr)
/usr/local/CodeSourcery/Sourcery_G++_Lite/bin/../lib/gcc/arm-none-eabi/4.5.2/armv6-m/libgcc.a(_thumb1_case_uhi.o)
                              obj/terminal.o (__gnu_thumb1_case_uhi)
/usr/local/CodeSourcery/Sourcery_G++_Lite/bin/../lib/gcc/arm-none-eabi/4.5.2/armv6-m/libgcc.a(_udivsi3.o)
                              obj/xprintf.o (__aeabi_uidiv)
/usr/local/CodeSourcery/Sourcery_G++_Lite/bin/../lib/gcc/arm-none-eabi/4.5.2/armv6-m/libgcc.a(_dvmd_tls.o)
                              /usr/local/CodeSourcery/Sourcery_G++_Lite/bin/../lib/gcc/arm-none-eabi/4.5.2/armv6-m/libgcc.a(_udivsi3.o) (__aeabi_idiv0)

Allocating common symbols
Common symbol       size              file

Fatfs               0x234             obj/terminal.o
xfunc_in            0x4               obj/xprintf.o
UartCmd             0x1               obj/uart.o
xfunc_out           0x4               obj/xprintf.o
Timer               0x4               obj/terminal.o
Buff                0x1000            obj/terminal.o
Line                0x40              obj/terminal.o

Discarded input sections

 .data          0x00000000        0x0 obj/main.o
 .bss           0x00000000        0x0 obj/main.o
 .data          0x00000000        0x0 obj/uart.o
 .data          0x00000000        0x0 obj/xprintf.o
 .data          0x00000000        0x0 obj/rtc.o
 .bss           0x00000000        0x0 obj/rtc.o
 .data          0x00000000        0x0 obj/terminal.o
 .bss           0x00000000        0x0 obj/terminal.o
 .data          0x00000000        0x0 obj/ff.o
 .text          0x00000000      0xd34 obj/tjpgd.o
 .data          0x00000000        0x0 obj/tjpgd.o
 .bss           0x00000000        0x0 obj/tjpgd.o
 .rodata        0x00000000      0x4c0 obj/tjpgd.o
 .data          0x00000000        0x0 obj/startup1100.o
 .bss           0x00000000        0x0 obj/startup1100.o
 .data          0x00000000        0x0 /usr/local/CodeSourcery/Sourcery_G++_Lite/bin/../lib/gcc/arm-none-eabi/4.5.2/../../../../arm-none-eabi/lib/armv6-m/libc.a(lib_a-strchr.o)
 .bss           0x00000000        0x0 /usr/local/CodeSourcery/Sourcery_G++_Lite/bin/../lib/gcc/arm-none-eabi/4.5.2/../../../../arm-none-eabi/lib/armv6-m/libc.a(lib_a-strchr.o)
 .data          0x00000000        0x0 /usr/local/CodeSourcery/Sourcery_G++_Lite/bin/../lib/gcc/arm-none-eabi/4.5.2/armv6-m/libgcc.a(_thumb1_case_uhi.o)
 .bss           0x00000000        0x0 /usr/local/CodeSourcery/Sourcery_G++_Lite/bin/../lib/gcc/arm-none-eabi/4.5.2/armv6-m/libgcc.a(_thumb1_case_uhi.o)
 .data          0x00000000        0x0 /usr/local/CodeSourcery/Sourcery_G++_Lite/bin/../lib/gcc/arm-none-eabi/4.5.2/armv6-m/libgcc.a(_udivsi3.o)
 .bss           0x00000000        0x0 /usr/local/CodeSourcery/Sourcery_G++_Lite/bin/../lib/gcc/arm-none-eabi/4.5.2/armv6-m/libgcc.a(_udivsi3.o)
 .data          0x00000000        0x0 /usr/local/CodeSourcery/Sourcery_G++_Lite/bin/../lib/gcc/arm-none-eabi/4.5.2/armv6-m/libgcc.a(_dvmd_tls.o)
 .bss           0x00000000        0x0 /usr/local/CodeSourcery/Sourcery_G++_Lite/bin/../lib/gcc/arm-none-eabi/4.5.2/armv6-m/libgcc.a(_dvmd_tls.o)

Memory Configuration

Name             Origin             Length             Attributes
ROM              0x00000000         0x00008000         xr
RAM              0x10000000         0x00001fe0         w
*default*        0x00000000         0xffffffff

Linker script and memory map

LOAD obj/main.o
LOAD obj/uart.o
LOAD obj/xprintf.o
LOAD obj/rtc.o
LOAD obj/mmc.o
LOAD obj/terminal.o
LOAD obj/ff.o
LOAD obj/tjpgd.o
LOAD obj/startup1100.o
LOAD /usr/local/CodeSourcery/Sourcery_G++_Lite/bin/../lib/gcc/arm-none-eabi/4.5.2/../../../../arm-none-eabi/lib/armv6-m/libc.a
LOAD /usr/local/CodeSourcery/Sourcery_G++_Lite/bin/../lib/gcc/arm-none-eabi/4.5.2/armv6-m/libgcc.a
LOAD /usr/local/CodeSourcery/Sourcery_G++_Lite/bin/../lib/gcc/arm-none-eabi/4.5.2/../../../../arm-none-eabi/lib/armv6-m/libm.a
START GROUP
LOAD /usr/local/CodeSourcery/Sourcery_G++_Lite/bin/../lib/gcc/arm-none-eabi/4.5.2/armv6-m/libgcc.a
LOAD /usr/local/CodeSourcery/Sourcery_G++_Lite/bin/../lib/gcc/arm-none-eabi/4.5.2/../../../../arm-none-eabi/lib/armv6-m/libc.a
END GROUP
                0x00000000                _startof_flash = 0x0
                0x00008000                _endof_flash = 0x8000
                0x10000000                _startof_sram = 0x10000000
                0x10001fe0                _endof_sram = 0x10001fe0

.text           0x00000000     0x32eb
 *(.VECTOR)
 .VECTOR        0x00000000       0xc0 obj/startup1100.o
                0x00000000                vector
 *(.text .text.*)
 .text          0x000000c0       0x4c obj/main.o
                0x000000c0                main
 .text          0x0000010c      0x1cc obj/uart.o
                0x0000010c                UART_IRQHandler
                0x000001a8                uart0_test
                0x000001c4                uart0_getc
                0x00000200                uart0_putc
                0x0000023c                uart0_init
 .text          0x000002d8      0x430 obj/xprintf.o
                0x000002d8                xputc
                0x0000030c                xputs
                0x000004e6                xfputs
                0x00000508                xprintf
                0x0000051e                xsprintf
                0x00000548                xfprintf
                0x0000056c                put_dump
                0x000005f8                xgets
                0x00000648                xfgets
                0x00000660                xatoi
 .text          0x00000708       0x20 obj/rtc.o
                0x00000708                rtc_gettime
                0x00000724                rtc_settime
 .text          0x00000728      0x610 obj/mmc.o
                0x000009ae                disk_initialize
                0x00000b1c                disk_status
                0x00000b60                disk_read
                0x00000bec                disk_write
                0x00000c8c                disk_ioctl
 .text          0x00000d38      0x528 obj/terminal.o
                0x00000d68                get_fattime
                0x00000da0                SysTick_Handler
                0x00000db0                terminal_init
                0x00000db2                terminal
 .text          0x00001260     0x1c0c obj/ff.o
                0x000018c6                clust2sect
                0x000018e0                get_fat
                0x00001a62                put_fat
                0x00002056                f_mount
                0x0000207c                f_open
                0x000021b6                f_read
                0x00002306                f_write
                0x000024b6                f_sync
                0x00002526                f_close
                0x00002536                f_chdrive
                0x0000254c                f_chdir
                0x000025a0                f_getcwd
                0x000026b4                f_lseek
                0x000027da                f_opendir
                0x0000283e                f_readdir
                0x00002892                f_stat
                0x000028d0                f_getfree
                0x000029be                f_truncate
                0x00002a5c                f_unlink
                0x00002b1a                f_mkdir
                0x00002cb0                f_chmod
                0x00002d0a                f_utime
                0x00002d68                f_rename
 .text          0x00002e6c       0xe4 obj/startup1100.o
                0x00002e6c                Reset_Handler
                0x00002f28                PendSV_Handler
                0x00002f28                NMI_Handler
                0x00002f28                Exception_Trap
                0x00002f28                SVC_Handler
                0x00002f28                HardFault_Hander
                0x00002f3c                PIO0_11_IRQHandler
                0x00002f3c                CT16B0_IRQHandler
                0x00002f3c                PIO_3_IRQHandler
                0x00002f3c                PIO0_8_IRQHandler
                0x00002f3c                CT16B1_IRQHandler
                0x00002f3c                PIO0_4_IRQHandler
                0x00002f3c                SPI1_IRQHandler
                0x00002f3c                PIO_2_IRQHandler
                0x00002f3c                PIO0_6_IRQHandler
                0x00002f3c                PIO0_5_IRQHandler
                0x00002f3c                CT32B1_IRQHandler
                0x00002f3c                PIO0_1_IRQHandler
                0x00002f3c                ADC_IRQHandler
                0x00002f3c                PIO0_3_IRQHandler
                0x00002f3c                PIO1_0_IRQHandler
                0x00002f3c                BOD_IRQHandler
                0x00002f3c                PIO_0_IRQHandler
                0x00002f3c                PIO_1_IRQHandler
                0x00002f3c                I2C_IRQHandler
                0x00002f3c                WDT_IRQHandler
                0x00002f3c                PIO0_10_IRQHandler
                0x00002f3c                PIO0_7_IRQHandler
                0x00002f3c                IRQ_Trap
                0x00002f3c                CT32B0_IRQHandler
                0x00002f3c                PIO0_0_IRQHandler
                0x00002f3c                C_CAN_IRQHandler
                0x00002f3c                PIO0_2_IRQHandler
                0x00002f3c                SPI0_IRQHandler
                0x00002f3c                PIO0_9_IRQHandler
 .text          0x00002f50       0xdc /usr/local/CodeSourcery/Sourcery_G++_Lite/bin/../lib/gcc/arm-none-eabi/4.5.2/../../../../arm-none-eabi/lib/armv6-m/libc.a(lib_a-strchr.o)
                0x00002f50                strchr
 .text          0x0000302c       0x14 /usr/local/CodeSourcery/Sourcery_G++_Lite/bin/../lib/gcc/arm-none-eabi/4.5.2/armv6-m/libgcc.a(_thumb1_case_uhi.o)
                0x0000302c                __gnu_thumb1_case_uhi
 .text          0x00003040       0x9c /usr/local/CodeSourcery/Sourcery_G++_Lite/bin/../lib/gcc/arm-none-eabi/4.5.2/armv6-m/libgcc.a(_udivsi3.o)
                0x00003040                __udivsi3
                0x00003040                __aeabi_uidiv
                0x000030c8                __aeabi_uidivmod
 .text          0x000030dc        0x4 /usr/local/CodeSourcery/Sourcery_G++_Lite/bin/../lib/gcc/arm-none-eabi/4.5.2/armv6-m/libgcc.a(_dvmd_tls.o)
                0x000030dc                __aeabi_ldiv0
                0x000030dc                __aeabi_idiv0
 *(.gnu.linkonce.t*)
 *(.gcc_except_table)
 *(.rodata .rodata.*)
 .rodata.str1.1
                0x000030e0       0x1c obj/main.o
 .rodata.str1.1
                0x000030fc       0x1a obj/xprintf.o
 .rodata        0x00003116       0xd1 obj/terminal.o
 .rodata.str1.1
                0x000031e7       0xf5 obj/terminal.o
                                 0xf9 (size before relaxing)
 .rodata.str1.1
                0x000032dc        0xf obj/ff.o
 *(.gnu.linkonce.r*)

.glue_7         0x000032ec        0x0 load address 0x000032eb
 .glue_7        0x00000000        0x0 linker stubs

.glue_7t        0x000032ec        0x0 load address 0x000032eb
 .glue_7t       0x00000000        0x0 linker stubs

.vfp11_veneer   0x000032ec        0x0 load address 0x000032eb
 .vfp11_veneer  0x00000000        0x0 linker stubs

.v4_bx          0x000032ec        0x0 load address 0x000032eb
 .v4_bx         0x00000000        0x0 linker stubs

.ARM.excep
 *(.ARM.exidx*)
 *(.ARM.extab*)
                0x000032ec                . = ALIGN (0x4)
                0x000032ec                _etext = .
                0x000032ec                _sidata = .

.data           0x10000000        0x4 load address 0x000032ec
                0x10000000                _sdata = .
 *(.data .data.*)
 .data          0x10000000        0x1 obj/mmc.o
 *(.gnu.linkonce.d*)
                0x10000004                . = ALIGN (0x4)
 *fill*         0x10000001        0x3 00
                0x10000004                _edata = .

.bss            0x10000004     0x13a8 load address 0x000032f0
                0x10000004                _sbss = .
 *(.bss .bss.*)
 .bss           0x10000004      0x110 obj/uart.o
 .bss           0x10000114        0x4 obj/xprintf.o
 .bss           0x10000118        0x1 obj/mmc.o
 *fill*         0x10000119        0x3 00
 .bss           0x1000011c        0xc obj/ff.o
 *(.gnu.linkonce.b*)
 *(COMMON)
 COMMON         0x10000128        0x1 obj/uart.o
                0x10000128                UartCmd
 *fill*         0x10000129        0x3 00
 COMMON         0x1000012c        0x8 obj/xprintf.o
                0x1000012c                xfunc_in
                0x10000130                xfunc_out
 COMMON         0x10000134     0x1278 obj/terminal.o
                0x10000134                Fatfs
                0x10000368                Timer
                0x1000036c                Buff
                0x1000136c                Line
                0x100013ac                . = ALIGN (0x4)
                0x100013ac                _ebss = .

.stack          0x100013b0        0x0
 *(.stack)
 *(.STACK)
                0x100013b0                . = ALIGN (0x4)
                0x100013b0                . = ALIGN (0x4)
                0x100013b0                _end = .

.stab
 *(.stab)

.stabstr
 *(.stabstr)

.stab.excl
 *(.stab.excl)

.stab.exclstr
 *(.stab.exclstr)

.stab.index
 *(.stab.index)

.stab.indexstr
 *(.stab.indexstr)

.ARM.attributes
                0x00000000       0x33
 .ARM.attributes
                0x00000000       0x33 obj/main.o
 .ARM.attributes
                0x00000033       0x33 obj/uart.o
 .ARM.attributes
                0x00000066       0x33 obj/xprintf.o
 .ARM.attributes
                0x00000099       0x33 obj/rtc.o
 .ARM.attributes
                0x000000cc       0x33 obj/mmc.o
 .ARM.attributes
                0x000000ff       0x33 obj/terminal.o
 .ARM.attributes
                0x00000132       0x33 obj/ff.o
 .ARM.attributes
                0x00000165       0x33 obj/tjpgd.o
 .ARM.attributes
                0x00000198       0x33 obj/startup1100.o
 .ARM.attributes
                0x000001cb       0x2d /usr/local/CodeSourcery/Sourcery_G++_Lite/bin/../lib/gcc/arm-none-eabi/4.5.2/../../../../arm-none-eabi/lib/armv6-m/libc.a(lib_a-strchr.o)
 .ARM.attributes
                0x000001f8       0x1f /usr/local/CodeSourcery/Sourcery_G++_Lite/bin/../lib/gcc/arm-none-eabi/4.5.2/armv6-m/libgcc.a(_thumb1_case_uhi.o)
 .ARM.attributes
                0x00000217       0x1f /usr/local/CodeSourcery/Sourcery_G++_Lite/bin/../lib/gcc/arm-none-eabi/4.5.2/armv6-m/libgcc.a(_udivsi3.o)
 .ARM.attributes
                0x00000236       0x1f /usr/local/CodeSourcery/Sourcery_G++_Lite/bin/../lib/gcc/arm-none-eabi/4.5.2/armv6-m/libgcc.a(_dvmd_tls.o)

.comment        0x00000000       0x2a
 *(.comment)
 .comment       0x00000000       0x2a obj/main.o
                                 0x2b (size before relaxing)
 .comment       0x00000000       0x2b obj/uart.o
 .comment       0x00000000       0x2b obj/xprintf.o
 .comment       0x00000000       0x2b obj/rtc.o
 .comment       0x00000000       0x2b obj/mmc.o
 .comment       0x00000000       0x2b obj/terminal.o
 .comment       0x00000000       0x2b obj/ff.o
 .comment       0x00000000       0x2b obj/tjpgd.o
 .comment       0x00000000       0x2b obj/startup1100.o

.debug
 *(.debug)

.line
 *(.line)

.debug_srcinfo
 *(.debug_srcinfo)

.debug_sfnames
 *(.debug_sfnames)

.debug_aranges  0x00000000      0x120
 *(.debug_aranges)
 .debug_aranges
                0x00000000       0x20 obj/main.o
 .debug_aranges
                0x00000020       0x20 obj/uart.o
 .debug_aranges
                0x00000040       0x20 obj/xprintf.o
 .debug_aranges
                0x00000060       0x20 obj/rtc.o
 .debug_aranges
                0x00000080       0x20 obj/mmc.o
 .debug_aranges
                0x000000a0       0x20 obj/terminal.o
 .debug_aranges
                0x000000c0       0x20 obj/ff.o
 .debug_aranges
                0x000000e0       0x20 obj/tjpgd.o
 .debug_aranges
                0x00000100       0x20 obj/startup1100.o

.debug_pubnames
                0x00000000      0x3e7
 *(.debug_pubnames)
 .debug_pubnames
                0x00000000       0x1b obj/main.o
 .debug_pubnames
                0x0000001b       0x6e obj/uart.o
 .debug_pubnames
                0x00000089       0x9e obj/xprintf.o
 .debug_pubnames
                0x00000127       0x32 obj/rtc.o
 .debug_pubnames
                0x00000159       0x62 obj/mmc.o
 .debug_pubnames
                0x000001bb       0x7b obj/terminal.o
 .debug_pubnames
                0x00000236      0x133 obj/ff.o
 .debug_pubnames
                0x00000369       0x2f obj/tjpgd.o
 .debug_pubnames
                0x00000398       0x4f obj/startup1100.o

.debug_info     0x00000000     0x40f4
 *(.debug_info .gnu.linkonce.wi.*)
 .debug_info    0x00000000       0xe9 obj/main.o
 .debug_info    0x000000e9      0x21c obj/uart.o
 .debug_info    0x00000305      0x530 obj/xprintf.o
 .debug_info    0x00000835      0x185 obj/rtc.o
 .debug_info    0x000009ba      0x521 obj/mmc.o
 .debug_info    0x00000edb      0x6ad obj/terminal.o
 .debug_info    0x00001588     0x19e6 obj/ff.o
 .debug_info    0x00002f6e      0xfe0 obj/tjpgd.o
 .debug_info    0x00003f4e      0x1a6 obj/startup1100.o

.debug_abbrev   0x00000000      0xd65
 *(.debug_abbrev)
 .debug_abbrev  0x00000000       0x81 obj/main.o
 .debug_abbrev  0x00000081      0x135 obj/uart.o
 .debug_abbrev  0x000001b6      0x1c9 obj/xprintf.o
 .debug_abbrev  0x0000037f       0xcd obj/rtc.o
 .debug_abbrev  0x0000044c      0x1a4 obj/mmc.o
 .debug_abbrev  0x000005f0      0x17c obj/terminal.o
 .debug_abbrev  0x0000076c      0x24a obj/ff.o
 .debug_abbrev  0x000009b6      0x2e0 obj/tjpgd.o
 .debug_abbrev  0x00000c96       0xcf obj/startup1100.o

.debug_line     0x00000000     0x18b4
 *(.debug_line)
 .debug_line    0x00000000       0xcc obj/main.o
 .debug_line    0x000000cc      0x131 obj/uart.o
 .debug_line    0x000001fd      0x293 obj/xprintf.o
 .debug_line    0x00000490       0x52 obj/rtc.o
 .debug_line    0x000004e2      0x2fd obj/mmc.o
 .debug_line    0x000007df      0x1f7 obj/terminal.o
 .debug_line    0x000009d6      0x90d obj/ff.o
 .debug_line    0x000012e3      0x4dc obj/tjpgd.o
 .debug_line    0x000017bf       0xf5 obj/startup1100.o

.debug_frame    0x00000000      0xa18
 *(.debug_frame)
 .debug_frame   0x00000000       0x28 obj/main.o
 .debug_frame   0x00000028       0x8c obj/uart.o
 .debug_frame   0x000000b4      0x14c obj/xprintf.o
 .debug_frame   0x00000200       0x30 obj/rtc.o
 .debug_frame   0x00000230      0x160 obj/mmc.o
 .debug_frame   0x00000390       0x88 obj/terminal.o
 .debug_frame   0x00000418      0x4b0 obj/ff.o
 .debug_frame   0x000008c8       0xb0 obj/tjpgd.o
 .debug_frame   0x00000978       0x50 obj/startup1100.o
 .debug_frame   0x000009c8       0x30 /usr/local/CodeSourcery/Sourcery_G++_Lite/bin/../lib/gcc/arm-none-eabi/4.5.2/../../../../arm-none-eabi/lib/armv6-m/libc.a(lib_a-strchr.o)
 .debug_frame   0x000009f8       0x20 /usr/local/CodeSourcery/Sourcery_G++_Lite/bin/../lib/gcc/arm-none-eabi/4.5.2/armv6-m/libgcc.a(_udivsi3.o)

.debug_str      0x00000000      0x9ac
 *(.debug_str)
 .debug_str     0x00000000       0xb7 obj/main.o
                                 0xf5 (size before relaxing)
 .debug_str     0x000000b7       0x6a obj/uart.o
                                0x140 (size before relaxing)
 .debug_str     0x00000121       0x8c obj/xprintf.o
                                0x143 (size before relaxing)
 .debug_str     0x000001ad       0x3d obj/rtc.o
                                 0xde (size before relaxing)
 .debug_str     0x000001ea      0x105 obj/mmc.o
                                0x1f8 (size before relaxing)
 .debug_str     0x000002ef      0x255 obj/terminal.o
                                0x371 (size before relaxing)
 .debug_str     0x00000544      0x244 obj/ff.o
                                0x577 (size before relaxing)
 .debug_str     0x00000788      0x1bb obj/tjpgd.o
                                0x27c (size before relaxing)
 .debug_str     0x00000943       0x69 obj/startup1100.o
                                0x13a (size before relaxing)

.debug_loc      0x00000000     0x6265
 *(.debug_loc)
 .debug_loc     0x00000000       0x20 obj/main.o
 .debug_loc     0x00000020      0x1c9 obj/uart.o
 .debug_loc     0x000001e9      0x995 obj/xprintf.o
 .debug_loc     0x00000b7e       0x31 obj/rtc.o
 .debug_loc     0x00000baf      0x87e obj/mmc.o
 .debug_loc     0x0000142d      0x3cd obj/terminal.o
 .debug_loc     0x000017fa     0x2b45 obj/ff.o
 .debug_loc     0x0000433f     0x1eb2 obj/tjpgd.o
 .debug_loc     0x000061f1       0x74 obj/startup1100.o

.debug_macinfo
 *(.debug_macinfo)

.debug_weaknames
 *(.debug_weaknames)

.debug_funcnames
 *(.debug_funcnames)

.debug_typenames
 *(.debug_typenames)

.debug_varnames
 *(.debug_varnames)
OUTPUT(obj/mary_sdc.elf elf32-littlearm)

.debug_pubtypes
                0x00000000      0x2b1
 .debug_pubtypes
                0x00000000       0x1f obj/main.o
 .debug_pubtypes
                0x0000001f       0x38 obj/uart.o
 .debug_pubtypes
                0x00000057       0x3f obj/xprintf.o
 .debug_pubtypes
                0x00000096       0x2c obj/rtc.o
 .debug_pubtypes
                0x000000c2       0x5c obj/mmc.o
 .debug_pubtypes
                0x0000011e       0x7b obj/terminal.o
 .debug_pubtypes
                0x00000199       0x7f obj/ff.o
 .debug_pubtypes
                0x00000218       0x7a obj/tjpgd.o
 .debug_pubtypes
                0x00000292       0x1f obj/startup1100.o

.debug_ranges   0x00000000      0x130
 .debug_ranges  0x00000000       0x78 obj/ff.o
 .debug_ranges  0x00000078       0xb8 obj/tjpgd.o

Cross Reference Table

Symbol                                            File
ADC_IRQHandler                                    obj/startup1100.o
BOD_IRQHandler                                    obj/startup1100.o
Buff                                              obj/terminal.o
CT16B0_IRQHandler                                 obj/startup1100.o
CT16B1_IRQHandler                                 obj/startup1100.o
CT32B0_IRQHandler                                 obj/startup1100.o
CT32B1_IRQHandler                                 obj/startup1100.o
C_CAN_IRQHandler                                  obj/startup1100.o
Exception_Trap                                    obj/startup1100.o
Fatfs                                             obj/terminal.o
HardFault_Hander                                  obj/startup1100.o
I2C_IRQHandler                                    obj/startup1100.o
IRQ_Trap                                          obj/startup1100.o
Line                                              obj/terminal.o
NMI_Handler                                       obj/startup1100.o
PIO0_0_IRQHandler                                 obj/startup1100.o
PIO0_10_IRQHandler                                obj/startup1100.o
PIO0_11_IRQHandler                                obj/startup1100.o
PIO0_1_IRQHandler                                 obj/startup1100.o
PIO0_2_IRQHandler                                 obj/startup1100.o
PIO0_3_IRQHandler                                 obj/startup1100.o
PIO0_4_IRQHandler                                 obj/startup1100.o
PIO0_5_IRQHandler                                 obj/startup1100.o
PIO0_6_IRQHandler                                 obj/startup1100.o
PIO0_7_IRQHandler                                 obj/startup1100.o
PIO0_8_IRQHandler                                 obj/startup1100.o
PIO0_9_IRQHandler                                 obj/startup1100.o
PIO1_0_IRQHandler                                 obj/startup1100.o
PIO_0_IRQHandler                                  obj/startup1100.o
PIO_1_IRQHandler                                  obj/startup1100.o
PIO_2_IRQHandler                                  obj/startup1100.o
PIO_3_IRQHandler                                  obj/startup1100.o
PendSV_Handler                                    obj/startup1100.o
Reset_Handler                                     obj/startup1100.o
SPI0_IRQHandler                                   obj/startup1100.o
SPI1_IRQHandler                                   obj/startup1100.o
SVC_Handler                                       obj/startup1100.o
SysTick_Handler                                   obj/terminal.o
Timer                                             obj/terminal.o
UART_IRQHandler                                   obj/uart.o
UartCmd                                           obj/uart.o
WDT_IRQHandler                                    obj/startup1100.o
__aeabi_idiv0                                     /usr/local/CodeSourcery/Sourcery_G++_Lite/bin/../lib/gcc/arm-none-eabi/4.5.2/armv6-m/libgcc.a(_dvmd_tls.o)
                                                  /usr/local/CodeSourcery/Sourcery_G++_Lite/bin/../lib/gcc/arm-none-eabi/4.5.2/armv6-m/libgcc.a(_udivsi3.o)
__aeabi_ldiv0                                     /usr/local/CodeSourcery/Sourcery_G++_Lite/bin/../lib/gcc/arm-none-eabi/4.5.2/armv6-m/libgcc.a(_dvmd_tls.o)
__aeabi_uidiv                                     /usr/local/CodeSourcery/Sourcery_G++_Lite/bin/../lib/gcc/arm-none-eabi/4.5.2/armv6-m/libgcc.a(_udivsi3.o)
                                                  obj/ff.o
                                                  obj/terminal.o
                                                  obj/xprintf.o
__aeabi_uidivmod                                  /usr/local/CodeSourcery/Sourcery_G++_Lite/bin/../lib/gcc/arm-none-eabi/4.5.2/armv6-m/libgcc.a(_udivsi3.o)
                                                  obj/xprintf.o
__gnu_thumb1_case_uhi                             /usr/local/CodeSourcery/Sourcery_G++_Lite/bin/../lib/gcc/arm-none-eabi/4.5.2/armv6-m/libgcc.a(_thumb1_case_uhi.o)
                                                  obj/tjpgd.o
                                                  obj/terminal.o
__udivsi3                                         /usr/local/CodeSourcery/Sourcery_G++_Lite/bin/../lib/gcc/arm-none-eabi/4.5.2/armv6-m/libgcc.a(_udivsi3.o)
_ebss                                             obj/startup1100.o
_edata                                            obj/startup1100.o
_endof_sram                                       obj/startup1100.o
_sbss                                             obj/startup1100.o
_sdata                                            obj/startup1100.o
_sidata                                           obj/startup1100.o
clust2sect                                        obj/ff.o
disk_initialize                                   obj/mmc.o
                                                  obj/ff.o
                                                  obj/terminal.o
disk_ioctl                                        obj/mmc.o
                                                  obj/ff.o
disk_read                                         obj/mmc.o
                                                  obj/ff.o
                                                  obj/terminal.o
disk_status                                       obj/mmc.o
                                                  obj/ff.o
disk_write                                        obj/mmc.o
                                                  obj/ff.o
f_chdir                                           obj/ff.o
                                                  obj/terminal.o
f_chdrive                                         obj/ff.o
f_chmod                                           obj/ff.o
f_close                                           obj/ff.o
                                                  obj/terminal.o
f_getcwd                                          obj/ff.o
                                                  obj/terminal.o
f_getfree                                         obj/ff.o
                                                  obj/terminal.o
f_lseek                                           obj/ff.o
                                                  obj/terminal.o
f_mkdir                                           obj/ff.o
                                                  obj/terminal.o
f_mount                                           obj/ff.o
                                                  obj/terminal.o
f_open                                            obj/ff.o
                                                  obj/terminal.o
f_opendir                                         obj/ff.o
                                                  obj/terminal.o
f_read                                            obj/ff.o
                                                  obj/terminal.o
f_readdir                                         obj/ff.o
                                                  obj/terminal.o
f_rename                                          obj/ff.o
                                                  obj/terminal.o
f_stat                                            obj/ff.o
f_sync                                            obj/ff.o
f_truncate                                        obj/ff.o
                                                  obj/terminal.o
f_unlink                                          obj/ff.o
                                                  obj/terminal.o
f_utime                                           obj/ff.o
f_write                                           obj/ff.o
                                                  obj/terminal.o
get_fat                                           obj/ff.o
get_fattime                                       obj/terminal.o
                                                  obj/ff.o
jd_decomp                                         obj/tjpgd.o
jd_prepare                                        obj/tjpgd.o
main                                              obj/main.o
                                                  obj/startup1100.o
put_dump                                          obj/xprintf.o
                                                  obj/terminal.o
put_fat                                           obj/ff.o
rtc_gettime                                       obj/rtc.o
                                                  obj/terminal.o
rtc_settime                                       obj/rtc.o
                                                  obj/terminal.o
strchr                                            /usr/local/CodeSourcery/Sourcery_G++_Lite/bin/../lib/gcc/arm-none-eabi/4.5.2/../../../../arm-none-eabi/lib/armv6-m/libc.a(lib_a-strchr.o)
                                                  obj/terminal.o
terminal                                          obj/terminal.o
                                                  obj/main.o
terminal_init                                     obj/terminal.o
                                                  obj/main.o
uart0_getc                                        obj/uart.o
                                                  obj/main.o
uart0_init                                        obj/uart.o
                                                  obj/main.o
uart0_putc                                        obj/uart.o
                                                  obj/main.o
uart0_test                                        obj/uart.o
vector                                            obj/startup1100.o
xatoi                                             obj/xprintf.o
                                                  obj/terminal.o
xfgets                                            obj/xprintf.o
xfprintf                                          obj/xprintf.o
xfputs                                            obj/xprintf.o
xfunc_in                                          obj/xprintf.o
                                                  obj/main.o
xfunc_out                                         obj/xprintf.o
                                                  obj/main.o
xgets                                             obj/xprintf.o
                                                  obj/terminal.o
xprintf                                           obj/xprintf.o
                                                  obj/terminal.o
xputc                                             obj/xprintf.o
                                                  obj/terminal.o
xputs                                             obj/xprintf.o
                                                  obj/main.o
xsprintf                                          obj/xprintf.o
